{
  "version": "1.5.0",
  "plugins_used": [
    {
      "name": "ArtifactoryDetector"
    },
    {
      "name": "AWSKeyDetector"
    },
    {
      "name": "AzureStorageKeyDetector"
    },
    {
      "name": "Base64HighEntropyString",
      "limit": 4.5
    },
    {
      "name": "BasicAuthDetector"
    },
    {
      "name": "CloudantDetector"
    },
    {
      "name": "DiscordBotTokenDetector"
    },
    {
      "name": "GitHubTokenDetector"
    },
    {
      "name": "GitLabTokenDetector"
    },
    {
      "name": "HexHighEntropyString",
      "limit": 3.0
    },
    {
      "name": "IbmCloudIamDetector"
    },
    {
      "name": "IbmCosHmacDetector"
    },
    {
      "name": "IPPublicDetector"
    },
    {
      "name": "JwtTokenDetector"
    },
    {
      "name": "KeywordDetector",
      "keyword_exclude": ""
    },
    {
      "name": "MailchimpDetector"
    },
    {
      "name": "NpmDetector"
    },
    {
      "name": "OpenAIDetector"
    },
    {
      "name": "PrivateKeyDetector"
    },
    {
      "name": "ProjectTokenAssignmentDetector",
      "path": "file://D:\\Projets\\TradingAgent\\tools\\detect_secrets_plugins\\project_tokens.py"
    },
    {
      "name": "PypiTokenDetector"
    },
    {
      "name": "SendGridDetector"
    },
    {
      "name": "SlackDetector"
    },
    {
      "name": "SoftlayerDetector"
    },
    {
      "name": "SquareOAuthDetector"
    },
    {
      "name": "StripeDetector"
    },
    {
      "name": "TelegramBotTokenDetector"
    },
    {
      "name": "TwilioKeyDetector"
    }
  ],
  "filters_used": [
    {
      "path": "detect_secrets.filters.allowlist.is_line_allowlisted"
    },
    {
      "path": "detect_secrets.filters.common.is_baseline_file",
      "filename": ".secrets.baseline"
    },
    {
      "path": "detect_secrets.filters.heuristic.is_indirect_reference"
    },
    {
      "path": "detect_secrets.filters.heuristic.is_likely_id_string"
    },
    {
      "path": "detect_secrets.filters.heuristic.is_lock_file"
    },
    {
      "path": "detect_secrets.filters.heuristic.is_not_alphanumeric_string"
    },
    {
      "path": "detect_secrets.filters.heuristic.is_potential_uuid"
    },
    {
      "path": "detect_secrets.filters.heuristic.is_prefixed_with_dollar_sign"
    },
    {
      "path": "detect_secrets.filters.heuristic.is_sequential_string"
    },
    {
      "path": "detect_secrets.filters.heuristic.is_swagger_file"
    },
    {
      "path": "detect_secrets.filters.heuristic.is_templated_secret"
    }
  ],
  "results": {
    "docs\\research\\2026-10-07-campaign.json": [
      {
        "type": "Hex High Entropy String",
        "filename": "docs\\research\\2026-10-07-campaign.json",
        "hashed_secret": "4fba99c70397f0cd70004c2382b434b5ec4bdde3",
        "is_verified": false,
        "line_number": 6
      }
    ],
    "docs\\research\\2026-10-07-discovery.json": [
      {
        "type": "Hex High Entropy String",
        "filename": "docs\\research\\2026-10-07-discovery.json",
        "hashed_secret": "4fba99c70397f0cd70004c2382b434b5ec4bdde3",
        "is_verified": false,
        "line_number": 7
      }
    ],
    "docs\\research\\datasets\\XAUUSD-M15-mt5-2026-10-07.manifest.json": [
      {
        "type": "Hex High Entropy String",
        "filename": "docs\\research\\datasets\\XAUUSD-M15-mt5-2026-10-07.manifest.json",
        "hashed_secret": "4fba99c70397f0cd70004c2382b434b5ec4bdde3",
        "is_verified": false,
        "line_number": 9
      }
    ],
    "docs\\research\\decisions\\witness@1.1.0.json": [
      {
        "type": "Hex High Entropy String",
        "filename": "docs\\research\\decisions\\witness@1.1.0.json",
        "hashed_secret": "e69268f6a95a3e36ebba2f308201aafd03883d89",
        "is_verified": false,
        "line_number": 4
      },
      {
        "type": "Hex High Entropy String",
        "filename": "docs\\research\\decisions\\witness@1.1.0.json",
        "hashed_secret": "78443f012b46015a6a9addc2c6807d3a44c259d8",
        "is_verified": false,
        "line_number": 15
      }
    ],
    "docs\\research\\thresholds.json": [
      {
        "type": "Hex High Entropy String",
        "filename": "docs\\research\\thresholds.json",
        "hashed_secret": "78443f012b46015a6a9addc2c6807d3a44c259d8",
        "is_verified": false,
        "line_number": 2
      }
    ],
    "tests\\control\\test_live.py": [
      {
        "type": "Project Token Assignment",
        "filename": "tests\\control\\test_live.py",
        "hashed_secret": "771a160caf5ad1db7c662d93673be9b7a3e1d9e8",
        "is_verified": false,
        "line_number": 46
      },
      {
        "type": "Secret Keyword",
        "filename": "tests\\control\\test_live.py",
        "hashed_secret": "771a160caf5ad1db7c662d93673be9b7a3e1d9e8",
        "is_verified": false,
        "line_number": 46
      },
      {
        "type": "Project Token Assignment",
        "filename": "tests\\control\\test_live.py",
        "hashed_secret": "583060acb1282589c02183f70c44327cc13c8081",
        "is_verified": false,
        "line_number": 47
      },
      {
        "type": "Secret Keyword",
        "filename": "tests\\control\\test_live.py",
        "hashed_secret": "583060acb1282589c02183f70c44327cc13c8081",
        "is_verified": false,
        "line_number": 47
      }
    ],
    "tests\\research\\test_protocol.py": [
      {
        "type": "Project Token Assignment",
        "filename": "tests\\research\\test_protocol.py",
        "hashed_secret": "9ede9a12f4fda464feb8473d56bad67ffd9b2c82",
        "is_verified": false,
        "line_number": 131
      }
    ],
    "tests\\test_secret_detector.py": [
      {
        "type": "Project Token Assignment",
        "filename": "tests\\test_secret_detector.py",
        "hashed_secret": "8aa6d3269aaa76e0b2bc174fe0f9bc2bcbab325d",
        "is_verified": false,
        "line_number": 14
      },
      {
        "type": "Base64 High Entropy String",
        "filename": "tests\\test_secret_detector.py",
        "hashed_secret": "09a3bea7cd65f72d5004e1b4baf575f7bcd0230b",
        "is_verified": false,
        "line_number": 15
      },
      {
        "type": "Telegram Bot Token",
        "filename": "tests\\test_secret_detector.py",
        "hashed_secret": "ed20a8b90cf4e2e6c6a19c23854cef97169ce519",
        "is_verified": false,
        "line_number": 16
      }
    ],
    "tests\\verification\\test_security_invariants.py": [
      {
        "type": "Project Token Assignment",
        "filename": "tests\\verification\\test_security_invariants.py",
        "hashed_secret": "a10bb3469022fd147b405e7b5521cb7bc77a86c2",
        "is_verified": false,
        "line_number": 103
      },
      {
        "type": "Secret Keyword",
        "filename": "tests\\verification\\test_security_invariants.py",
        "hashed_secret": "a10bb3469022fd147b405e7b5521cb7bc77a86c2",
        "is_verified": false,
        "line_number": 103
      },
      {
        "type": "Project Token Assignment",
        "filename": "tests\\verification\\test_security_invariants.py",
        "hashed_secret": "2f7e9fcb3a77baf64e1e2529f0388ced63a47e6e",
        "is_verified": false,
        "line_number": 104
      },
      {
        "type": "Basic Auth Credentials",
        "filename": "tests\\verification\\test_security_invariants.py",
        "hashed_secret": "1a91d62f7ca67399625a4368a6ab5d4a3baa6073",
        "is_verified": false,
        "line_number": 106
      },
      {
        "type": "Telegram Bot Token",
        "filename": "tests\\verification\\test_security_invariants.py",
        "hashed_secret": "ed20a8b90cf4e2e6c6a19c23854cef97169ce519",
        "is_verified": false,
        "line_number": 219
      }
    ],
    "tests\\web\\test_auth.py": [
      {
        "type": "Project Token Assignment",
        "filename": "tests\\web\\test_auth.py",
        "hashed_secret": "2961230c0935f65c3a4c71242fe8281352dd1607",
        "is_verified": false,
        "line_number": 31
      },
      {
        "type": "Project Token Assignment",
        "filename": "tests\\web\\test_auth.py",
        "hashed_secret": "b304569442c56a15b44af2edd12e078e02a114c1",
        "is_verified": false,
        "line_number": 32
      }
    ],
    "tools\\detect_secrets_plugins\\project_tokens.py": [
      {
        "type": "Secret Keyword",
        "filename": "tools\\detect_secrets_plugins\\project_tokens.py",
        "hashed_secret": "e013377e0101ebc60c2517693a7770ab100a8731",
        "is_verified": false,
        "line_number": 15
      }
    ]
  },
  "generated_at": "2026-10-08T02:51:19Z"
}
