{
  "version": "1.5.0",
  "plugins_used": [
    {
      "name": "ArtifactoryDetector"
    },
    {
      "name": "AWSKeyDetector"
    },
    {
      "name": "AzureStorageKeyDetector"
    },
    {
      "name": "Base64HighEntropyString",
      "limit": 4.5
    },
    {
      "name": "BasicAuthDetector"
    },
    {
      "name": "CloudantDetector"
    },
    {
      "name": "DiscordBotTokenDetector"
    },
    {
      "name": "GitHubTokenDetector"
    },
    {
      "name": "GitLabTokenDetector"
    },
    {
      "name": "HexHighEntropyString",
      "limit": 3.0
    },
    {
      "name": "IbmCloudIamDetector"
    },
    {
      "name": "IbmCosHmacDetector"
    },
    {
      "name": "IPPublicDetector"
    },
    {
      "name": "JwtTokenDetector"
    },
    {
      "name": "KeywordDetector",
      "keyword_exclude": ""
    },
    {
      "name": "MailchimpDetector"
    },
    {
      "name": "NpmDetector"
    },
    {
      "name": "OpenAIDetector"
    },
    {
      "name": "PrivateKeyDetector"
    },
    {
      "name": "ProjectTokenAssignmentDetector",
      "path": "file://D:\\Projets\\TradingAgent\\tools\\detect_secrets_plugins\\project_tokens.py"
    },
    {
      "name": "PypiTokenDetector"
    },
    {
      "name": "SendGridDetector"
    },
    {
      "name": "SlackDetector"
    },
    {
      "name": "SoftlayerDetector"
    },
    {
      "name": "SquareOAuthDetector"
    },
    {
      "name": "StripeDetector"
    },
    {
      "name": "TelegramBotTokenDetector"
    },
    {
      "name": "TwilioKeyDetector"
    }
  ],
  "filters_used": [
    {
      "path": "detect_secrets.filters.allowlist.is_line_allowlisted"
    },
    {
      "path": "detect_secrets.filters.common.is_baseline_file",
      "filename": ".secrets.baseline"
    },
    {
      "path": "detect_secrets.filters.heuristic.is_indirect_reference"
    },
    {
      "path": "detect_secrets.filters.heuristic.is_likely_id_string"
    },
    {
      "path": "detect_secrets.filters.heuristic.is_lock_file"
    },
    {
      "path": "detect_secrets.filters.heuristic.is_not_alphanumeric_string"
    },
    {
      "path": "detect_secrets.filters.heuristic.is_potential_uuid"
    },
    {
      "path": "detect_secrets.filters.heuristic.is_prefixed_with_dollar_sign"
    },
    {
      "path": "detect_secrets.filters.heuristic.is_sequential_string"
    },
    {
      "path": "detect_secrets.filters.heuristic.is_swagger_file"
    },
    {
      "path": "detect_secrets.filters.heuristic.is_templated_secret"
    }
  ],
  "results": {
    "tests\\test_secret_detector.py": [
      {
        "type": "Project Token Assignment",
        "filename": "tests\\test_secret_detector.py",
        "hashed_secret": "8aa6d3269aaa76e0b2bc174fe0f9bc2bcbab325d",
        "is_verified": false,
        "line_number": 14
      },
      {
        "type": "Base64 High Entropy String",
        "filename": "tests\\test_secret_detector.py",
        "hashed_secret": "09a3bea7cd65f72d5004e1b4baf575f7bcd0230b",
        "is_verified": false,
        "line_number": 15
      },
      {
        "type": "Telegram Bot Token",
        "filename": "tests\\test_secret_detector.py",
        "hashed_secret": "ed20a8b90cf4e2e6c6a19c23854cef97169ce519",
        "is_verified": false,
        "line_number": 16
      }
    ],
    "tools\\detect_secrets_plugins\\project_tokens.py": [
      {
        "type": "Secret Keyword",
        "filename": "tools\\detect_secrets_plugins\\project_tokens.py",
        "hashed_secret": "e013377e0101ebc60c2517693a7770ab100a8731",
        "is_verified": false,
        "line_number": 15
      }
    ]
  },
  "generated_at": "2026-10-06T21:16:20Z"
}
